date: invalid argument 's' for -I
[spm-evidencias-verify] started_at=
{
  "ok": false,
  "failures": [
    {
      "label": "OMT-PI-14414-vacina",
      "issue": "summary_missing",
      "summaryPath": "/Users/leandrobosaipo/Projetos/AdOps/ops/evidence-projects/spm-evidencias-2026-05-30/logs/OMT-PI-14414-vacina.json"
    },
    {
      "label": "PERRENGUE-PI-15948-IPVA-2026",
      "issue": "zip_missing_or_empty",
      "zipPath": "/Users/leandrobosaipo/Downloads/PERRENGUE-PI-15948-IPVA-2026.zip"
    },
    {
      "label": "PERRENGUE-PI-15948-IPVA-2026",
      "issue": "summary_missing",
      "summaryPath": "/Users/leandrobosaipo/Projetos/AdOps/ops/evidence-projects/spm-evidencias-2026-05-30/logs/PERRENGUE-PI-15948-IPVA-2026.json"
    },
    {
      "label": "PERRENGUE-PI-16091-governo",
      "issue": "zip_missing_or_empty",
      "zipPath": "/Users/leandrobosaipo/Downloads/PERRENGUE-PI-16091-governo.zip"
    },
    {
      "label": "PERRENGUE-PI-16091-governo",
      "issue": "summary_missing",
      "summaryPath": "/Users/leandrobosaipo/Projetos/AdOps/ops/evidence-projects/spm-evidencias-2026-05-30/logs/PERRENGUE-PI-16091-governo.json"
    },
    {
      "label": "PPMT-PI-14357-feminicidio",
      "issue": "zip_missing_or_empty",
      "zipPath": "/Users/leandrobosaipo/Downloads/PPMT-PI-14357-feminicidio.zip"
    },
    {
      "label": "PPMT-PI-14357-feminicidio",
      "issue": "summary_missing",
      "summaryPath": "/Users/leandrobosaipo/Projetos/AdOps/ops/evidence-projects/spm-evidencias-2026-05-30/logs/PPMT-PI-14357-feminicidio.json"
    },
    {
      "label": "ROO-PI-14355-feminicidio",
      "issue": "zip_missing_or_empty",
      "zipPath": "/Users/leandrobosaipo/Downloads/ROO-PI-14355-feminicidio.zip"
    },
    {
      "label": "ROO-PI-14355-feminicidio",
      "issue": "summary_missing",
      "summaryPath": "/Users/leandrobosaipo/Projetos/AdOps/ops/evidence-projects/spm-evidencias-2026-05-30/logs/ROO-PI-14355-feminicidio.json"
    }
  ]
}
[spm-evidencias-verify] incomplete=true rerun=scheduled-15h
target_start {"label":"OMT-PI-14414-vacina","insertionId":1390,"periodoInicio":"2026-05-25","periodoFim":"2026-05-31","targetDate":"2026-05-30","dates":6}
target_done {"label":"OMT-PI-14414-vacina","insertionId":1390,"piCodigo":"PI 14414- PREF CBA","siteSigla":"OMT","periodoInicio":"2026-05-25","periodoFim":"2026-05-31","targetDate":"2026-05-30","evidenceCount":6,"zipPath":"/Users/leandrobosaipo/Downloads/OMT-PI-14414-vacina.zip","telegramEvidenceMessages":[{"date":"2026-05-25","messageId":834},{"date":"2026-05-26","messageId":835},{"date":"2026-05-27","messageId":836},{"date":"2026-05-28","messageId":837},{"date":"2026-05-29","messageId":838},{"date":"2026-05-30","messageId":839}],"telegramMessageId":840,"checkedAt":"2026-05-30T20:30:56.673Z"}
target_start {"label":"PERRENGUE-PI-15948-IPVA-2026","insertionId":1254,"periodoInicio":"2026-05-01","periodoFim":"2026-05-24","targetDate":"2026-05-30","dates":24}
target_done {"label":"PERRENGUE-PI-15948-IPVA-2026","insertionId":1254,"piCodigo":"PI 15948 - GOV","siteSigla":"PERRENGUE","periodoInicio":"2026-05-01","periodoFim":"2026-05-24","targetDate":"2026-05-30","evidenceCount":24,"zipPath":"/Users/leandrobosaipo/Downloads/PERRENGUE-PI-15948-IPVA-2026.zip","telegramEvidenceMessages":[{"date":"2026-05-01","messageId":841},{"date":"2026-05-02","messageId":842},{"date":"2026-05-03","messageId":843},{"date":"2026-05-04","messageId":844},{"date":"2026-05-05","messageId":845},{"date":"2026-05-06","messageId":846},{"date":"2026-05-07","messageId":847},{"date":"2026-05-08","messageId":848},{"date":"2026-05-09","messageId":849},{"date":"2026-05-10","messageId":850},{"date":"2026-05-11","messageId":851},{"date":"2026-05-12","messageId":852},{"date":"2026-05-13","messageId":853},{"date":"2026-05-14","messageId":854},{"date":"2026-05-15","messageId":855},{"date":"2026-05-16","messageId":856},{"date":"2026-05-17","messageId":857},{"date":"2026-05-18","messageId":858},{"date":"2026-05-19","messageId":859},{"date":"2026-05-20","messageId":860},{"date":"2026-05-21","messageId":861},{"date":"2026-05-22","messageId":862},{"date":"2026-05-23","messageId":863},{"date":"2026-05-24","messageId":864}],"telegramMessageId":865,"checkedAt":"2026-05-30T20:35:07.689Z"}
target_start {"label":"PERRENGUE-PI-16091-governo","insertionId":1271,"periodoInicio":"2026-05-08","periodoFim":"2026-05-27","targetDate":"2026-05-30","dates":20}
prints_needed {"label":"PERRENGUE-PI-16091-governo","dates":["2026-05-18","2026-05-24"]}
print_enqueued {"label":"PERRENGUE-PI-16091-governo","date":"2026-05-18","captureTime":"18:13","jobId":"d276c101-0cc7-4171-b141-1229a1b46b61"}
print_enqueued {"label":"PERRENGUE-PI-16091-governo","date":"2026-05-18","captureTime":"18:00","jobId":"5c0ad970-b4c1-43ef-96db-d862c453760a"}
print_enqueued {"label":"PERRENGUE-PI-16091-governo","date":"2026-05-24","captureTime":"18:13","jobId":"f4d43231-447b-4e9e-a40c-fc0574e74855"}
target_done {"label":"PERRENGUE-PI-16091-governo","insertionId":1271,"piCodigo":"PI 16091- GOV","siteSigla":"PERRENGUE","periodoInicio":"2026-05-08","periodoFim":"2026-05-27","targetDate":"2026-05-30","evidenceCount":20,"zipPath":"/Users/leandrobosaipo/Downloads/PERRENGUE-PI-16091-governo.zip","telegramEvidenceMessages":[{"date":"2026-05-08","messageId":866},{"date":"2026-05-09","messageId":867},{"date":"2026-05-10","messageId":868},{"date":"2026-05-11","messageId":869},{"date":"2026-05-12","messageId":870},{"date":"2026-05-13","messageId":871},{"date":"2026-05-14","messageId":872},{"date":"2026-05-15","messageId":873},{"date":"2026-05-16","messageId":874},{"date":"2026-05-17","messageId":875},{"date":"2026-05-18","messageId":876},{"date":"2026-05-19","messageId":877},{"date":"2026-05-20","messageId":878},{"date":"2026-05-21","messageId":879},{"date":"2026-05-22","messageId":880},{"date":"2026-05-23","messageId":881},{"date":"2026-05-24","messageId":882},{"date":"2026-05-25","messageId":883},{"date":"2026-05-26","messageId":884},{"date":"2026-05-27","messageId":885}],"telegramMessageId":886,"checkedAt":"2026-05-30T20:41:55.154Z"}
target_start {"label":"PPMT-PI-14357-feminicidio","insertionId":1347,"periodoInicio":"2026-05-13","periodoFim":"2026-05-31","targetDate":"2026-05-30","dates":18}
target_done {"label":"PPMT-PI-14357-feminicidio","insertionId":1347,"piCodigo":"PI 14357- GOV","siteSigla":"PPMT","periodoInicio":"2026-05-13","periodoFim":"2026-05-31","targetDate":"2026-05-30","evidenceCount":18,"zipPath":"/Users/leandrobosaipo/Downloads/PPMT-PI-14357-feminicidio.zip","telegramEvidenceMessages":[{"date":"2026-05-13","messageId":887},{"date":"2026-05-14","messageId":888},{"date":"2026-05-15","messageId":889},{"date":"2026-05-16","messageId":890},{"date":"2026-05-17","messageId":891},{"date":"2026-05-18","messageId":892},{"date":"2026-05-19","messageId":893},{"date":"2026-05-20","messageId":894},{"date":"2026-05-21","messageId":895},{"date":"2026-05-22","messageId":896},{"date":"2026-05-23","messageId":897},{"date":"2026-05-24","messageId":898},{"date":"2026-05-25","messageId":899},{"date":"2026-05-26","messageId":900},{"date":"2026-05-27","messageId":901},{"date":"2026-05-28","messageId":902},{"date":"2026-05-29","messageId":903},{"date":"2026-05-30","messageId":904}],"telegramMessageId":905,"checkedAt":"2026-05-30T20:43:50.038Z"}
target_start {"label":"ROO-PI-14355-feminicidio","insertionId":1341,"periodoInicio":"2026-05-13","periodoFim":"2026-05-31","targetDate":"2026-05-30","dates":18}
target_done {"label":"ROO-PI-14355-feminicidio","insertionId":1341,"piCodigo":"PI 14355- GOV","siteSigla":"ROO","periodoInicio":"2026-05-13","periodoFim":"2026-05-31","targetDate":"2026-05-30","evidenceCount":18,"zipPath":"/Users/leandrobosaipo/Downloads/ROO-PI-14355-feminicidio.zip","telegramEvidenceMessages":[{"date":"2026-05-13","messageId":906},{"date":"2026-05-14","messageId":907},{"date":"2026-05-15","messageId":908},{"date":"2026-05-16","messageId":909},{"date":"2026-05-17","messageId":910},{"date":"2026-05-18","messageId":911},{"date":"2026-05-19","messageId":912},{"date":"2026-05-20","messageId":913},{"date":"2026-05-21","messageId":914},{"date":"2026-05-22","messageId":915},{"date":"2026-05-23","messageId":916},{"date":"2026-05-24","messageId":917},{"date":"2026-05-25","messageId":918},{"date":"2026-05-26","messageId":919},{"date":"2026-05-27","messageId":920},{"date":"2026-05-28","messageId":921},{"date":"2026-05-29","messageId":922},{"date":"2026-05-30","messageId":923}],"telegramMessageId":924,"checkedAt":"2026-05-30T20:45:39.939Z"}
{
  "ok": true,
  "labels": [
    "OMT-PI-14414-vacina",
    "PERRENGUE-PI-15948-IPVA-2026",
    "PERRENGUE-PI-16091-governo",
    "PPMT-PI-14357-feminicidio",
    "ROO-PI-14355-feminicidio"
  ]
}
date: invalid argument 's' for -I
[spm-evidencias-verify] completed_at=
